activated_native_graph_1: eligibility_v1
activated_native_graph_2: current
activated_native_graph_3: supported
three_processors_run_independently
activated_native_graph_4: outer_v1
combined_graph_matches_independent_pipeline
private_relations_are_not_public_ports
duplicate
remove_one_support
remove_last_support
restore_support
advance_revision
retract_upstream
restore_upstream
independent_reviewer_bridge_mutates_shared_program
activated_native_graph_5: outer_v2
dependency_and_composition_versions_remain_pinned
archive_restore_preserves_live_graphs_and_historical_refs
five_actual_programs_stopped_cleanly
PASS: composition acceptance
