activated_native_graph_1: eligibility_v1
activated_native_graph_2: current
activated_native_graph_3: supported
three_processors_run_independently
activated_native_graph_4: outer_v1
combined_graph_matches_independent_pipeline
private_relations_are_not_public_ports
duplicate
remove_one_support
remove_last_support
restore_support
advance_revision
retract_upstream
restore_upstream
independent_reviewer_bridge_mutates_shared_program
activated_native_graph_5: outer_v2
dependency_and_composition_versions_remain_pinned
Traceback (most recent call last):
  File "<local-path>", line 299, in <module>
    run(Path(directory))
    ~~~^^^^^^^^^^^^^^^^^
  File "<local-path>", line 243, in run
    assert combined.call('processor_search', {'query': p1['processor_id'], 'limit': 100})['processors'] == []
           ^^^^^^^^^^^^^^^^^^^^^^^^^^^^^^^^^^^^^^^^^^^^^^^^^^^^^^^^^^^^^^^^^^^^^^^^^^^^^^^^^^^^^^^^^^^^^^^^^^
AssertionError

During handling of the above exception, another exception occurred:

Traceback (most recent call last):
  File "<local-path>", line 302, in <module>
    shutil.copytree(directory, failed, dirs_exist_ok=True)
    ~~~~~~~~~~~~~~~^^^^^^^^^^^^^^^^^^^^^^^^^^^^^^^^^^^^^^^
  File "/opt/homebrew/Cellar/python@3.14/3.14.6/Frameworks/Python.framework/Versions/3.14/lib/python3.14/shutil.py", line 654, in copytree
    return _copytree(entries=entries, src=src, dst=dst, symlinks=symlinks,
                     ignore=ignore, copy_function=copy_function,
                     ignore_dangling_symlinks=ignore_dangling_symlinks,
                     dirs_exist_ok=dirs_exist_ok)
  File "/opt/homebrew/Cellar/python@3.14/3.14.6/Frameworks/Python.framework/Versions/3.14/lib/python3.14/shutil.py", line 608, in _copytree
    raise Error(errors)
shutil.Error: [('<local-path>', '<local-path>', "[Errno 2] No such file or directory: '<local-path>'"), ('<local-path>', '<local-path>', "[Errno 102] Operation not supported on socket: '<local-path>'"), ('<local-path>', '<local-path>', "[Errno 2] No such file or directory: '<local-path>'"), ('<local-path>', '<local-path>', "[Errno 102] Operation not supported on socket: '<local-path>'"), ('<local-path>', '<local-path>', "[Errno 2] No such file or directory: '<local-path>'"), ('<local-path>', '<local-path>', "[Errno 102] Operation not supported on socket: '<local-path>'"), ('<local-path>', '<local-path>', "[Errno 2] No such file or directory: '<local-path>'"), ('<local-path>', '<local-path>', "[Errno 102] Operation not supported on socket: '<local-path>'"), ('<local-path>', '<local-path>', "[Errno 2] No such file or directory: '<local-path>'"), ('<local-path>', '<local-path>', "[Errno 102] Operation not supported on socket: '<local-path>'")]
